Microchip MPLAB XC8 Compiler V2.05 ()

Linker command line:

-W-3 --edf=C:\Program Files (x86)\Microchip\xc8\v2.05\pic\dat\en_msgs.txt \
  -cs -h+dist/default/production\LunOS_v1.X.production.sym \
  --cmf=dist/default/production\LunOS_v1.X.production.cmf -z -Q18F4520 \
  -oC:\users\luan\Temp\s8u.2 --defsym=__MPLAB_BUILD=1 \
  -Mdist/default/production/LunOS_v1.X.production.map -E1 -ver=XC8 \
  --acfsm=1493 -ASTACK=080h-01DFh -pstack=STACK -ACODE=00h-07FFFh \
  -ACONST=00h-07FFFh -ASMALLCONST=0600h-06FFhx122 \
  -AMEDIUMCONST=0600h-07FFFh -ACOMRAM=01h-07Fh -AABS1=00h-05FFh \
  -ABIGRAM=01h-05FFh -ARAM=080h-0FFh,0100h-01FFhx5 -ABANK0=080h-0FFh \
  -ABANK1=0100h-01FFh -ABANK2=0200h-02FFh -ABANK3=0300h-03FFh \
  -ABANK4=0400h-04FFh -ABANK5=0500h-05FFh -ASFR=0F80h-0FFFh \
  -preset_vec=00h,intcode=08h,intcodelo,powerup,init -pramtop=0600h \
  -psmallconst=SMALLCONST -pmediumconst=MEDIUMCONST -pconst=CONST \
  -AFARRAM=00h-00h -ACONFIG=0300000h-030000Dh -pconfig=CONFIG \
  -AIDLOC=0200000h-0200007h -pidloc=IDLOC -AEEDATA=0F00000h-0F000FFh \
  -peeprom_data=EEDATA \
  -prdata=COMRAM,nvrram=COMRAM,nvbit=COMRAM,rbss=COMRAM,rbit=COMRAM \
  -pfarbss=FARRAM,fardata=FARRAM,nvFARRAM=FARRAM \
  -pintsave_regs=BIGRAM,bigbss=BIGRAM,bigdata=BIGRAM -pbss=RAM \
  -pidata=CODE,irdata=CODE,ibigdata=CODE,ifardata=CODE -prparam=COMRAM \
  C:\users\luan\Temp\s8u.o dist/default/production\LunOS_v1.X.production.o 

Object code version is 3.11

Machine type is 18F4520

Call graph: (short form)




                Name                               Link     Load   Length Selector   Space Scale
C:\users\luan\Temp\s8u.o
                stack                                80       80      160       80       2
                init                                  C        C        8        4       0
                reset_vec                             0        0        4        0       0
                idloc                            200000   200000        8   200000       0
                config                           300000   300000        E   300000       0
dist/default/production\LunOS_v1.X.production.o
                intcode                               8        8        4        4       0
                temp                                  1        1       20        1       1
                text24                              8AE      8AE      118        4       0
                intcode_body                        D78      D78       B2        4       0
                text22                             10F8     10F8       2A        4       0
                text21                              BB8      BB8       F2        4       0
                text20                              F36      F36       6E        4       0
                text19                              FFA      FFA       52        4       0
                text18                              9C6      9C6       FA        4       0
                text17                             104C     104C       40        4       0
                text16                             1186     1186        4        4       0
                text15                             115A     115A       10        4       0
                text14                             1148     1148       12        4       0
                text13                              790      790      11E        4       0
                text12                             1180     1180        6        4       0
                text11                               14       14      48C        4       0
                text10                              CAA      CAA       CE        4       0
                text9                               AC0      AC0       F8        4       0
                text8                              10C6     10C6       32        4       0
                text7                               63E      63E      152        4       0
                text6                               4A0      4A0      19E        4       0
                text5                              116A     116A        E        4       0
                text4                               E2A      E2A       9E        4       0
                text3                              1178     1178        8        4       0
                text2                               FA4      FA4       56        4       0
                text1                              108C     108C       3A        4       0
                text0                               EC8      EC8       6E        4       0
                cstackCOMRAM                         3F       3F       11        1       1
                bssBIGRAM                           1E0      1E0      420      1E0       1
                bssCOMRAM                            21       21       1E        1       1
                cinit                              1122     1122       26        4       0

TOTAL           Name                               Link     Load   Length     Space
        CLASS   STACK          
                stack                                80       80      160         2

        CLASS   CODE           
                intcode                               8        8        4         0
                init                                  C        C        8         0
                reset_vec                             0        0        4         0
                text24                              8AE      8AE      118         0
                intcode_body                        D78      D78       B2         0
                text22                             10F8     10F8       2A         0
                text21                              BB8      BB8       F2         0
                text20                              F36      F36       6E         0
                text19                              FFA      FFA       52         0
                text18                              9C6      9C6       FA         0
                text17                             104C     104C       40         0
                text16                             1186     1186        4         0
                text15                             115A     115A       10         0
                text14                             1148     1148       12         0
                text13                              790      790      11E         0
                text12                             1180     1180        6         0
                text11                               14       14      48C         0
                text10                              CAA      CAA       CE         0
                text9                               AC0      AC0       F8         0
                text8                              10C6     10C6       32         0
                text7                               63E      63E      152         0
                text6                               4A0      4A0      19E         0
                text5                              116A     116A        E         0
                text4                               E2A      E2A       9E         0
                text3                              1178     1178        8         0
                text2                               FA4      FA4       56         0
                text1                              108C     108C       3A         0
                text0                               EC8      EC8       6E         0
                cinit                              1122     1122       26         0

        CLASS   CONST          

        CLASS   SMALLCONST     

        CLASS   MEDIUMCONST    

        CLASS   COMRAM         
                temp                                  1        1       20         1
                cstackCOMRAM                         3F       3F       11         1
                bssCOMRAM                            21       21       1E         1

        CLASS   ABS1           

        CLASS   BIGRAM         
                bssBIGRAM                           1E0      1E0      420         1

        CLASS   RAM            

        CLASS   BANK0          

        CLASS   BANK1          

        CLASS   BANK2          

        CLASS   BANK3          

        CLASS   BANK4          

        CLASS   BANK5          

        CLASS   SFR            

        CLASS   FARRAM         

        CLASS   CONFIG         
                config                           300000   300000        E         0

        CLASS   IDLOC          
                idloc                            200000   200000        8         0

        CLASS   EEDATA         



SEGMENTS        Name                           Load    Length   Top    Selector   Space  Class

                reset_vec                      000000  000004  000004         0       0  CODE    
                temp                           000001  00004F  000050         1       1  COMRAM  
                intcode                        000008  001182  00118A         4       0  CODE    
                stack                          000080  000160  0001E0        80       2  STACK   
                bssBIGRAM                      0001E0  000420  000600       1E0       1  BIGRAM  
                idloc                          200000  000008  200008    200000       0  IDLOC   
                config                         300000  00000E  30000E    300000       0  CONFIG  


UNUSED ADDRESS RANGES

        Name                Unused          Largest block    Delta
        BANK0            000080-0000FF               80
        BANK1            000100-0001DF               E0
        BIGRAM           000050-0001DF              190
        CODE             000004-000007                4
                         00118A-007FFF             6E76
        COMRAM           000050-00007F               30
        CONST            000004-000007                4
                         00118A-007FFF             6E76
        EEDATA           F00000-F000FF              100
        MEDIUMCONST      00118A-007FFF             6E76
        RAM              000080-0001DF               80
        SFR              000F80-000FFF               80
        SMALLCONST       00118A-007FFF              100

                                  Symbol Table

_BSR                       (abs)        000FE0
_INTCON2bits               (abs)        000FF1
_INTCONbits                (abs)        000FF2
_ISR_timer0                intcode      000008
_PORTA                     (abs)        000F80
_PORTBbits                 (abs)        000F81
_PORTDbits                 (abs)        000F83
_SRAMInitHeap              text10       000CAA
_SRAMalloc                 text6        0004A0
_STATUS                    (abs)        000FD8
_STKPTR                    (abs)        000FFC
_T0CONbits                 (abs)        000FD5
_TMR0L                     (abs)        000FD6
_TOS                       (abs)        000FFD
_TOSH                      (abs)        000FFE
_TOSL                      (abs)        000FFD
_TOSU                      (abs)        000FFF
_TRISA                     (abs)        000F92
_TRISB                     (abs)        000F93
_TRISDbits                 (abs)        000F95
_WREG                      (abs)        000FE8
__CFG_PBADEN$OFF           (abs)        000000
__CFG_WDT$OFF              (abs)        000000
__HRAM                     (abs)        000000
__Habs1                    abs1         000000
__Hbank0                   bank0        000000
__Hbank1                   bank1        000000
__Hbank2                   bank2        000000
__Hbank3                   bank3        000000
__Hbank4                   bank4        000000
__Hbank5                   bank5        000000
__Hbigbss                  bigbss       000000
__Hbigdata                 bigdata      000000
__Hbigram                  bigram       000000
__Hbss                     bss          000000
__HbssBIGRAM               bssBIGRAM    000000
__HbssCOMRAM               bssCOMRAM    000000
__Hcinit                   cinit        000000
__Hclrtext                 clrtext      000000
__Hcomram                  comram       000000
__Hconfig                  config       30000E
__Hconst                   const        000000
__HcstackCOMRAM            cstackCOMRAM 000000
__Hdata                    data         000000
__Heeprom_data             eeprom_data  000000
__Hfarbss                  farbss       000000
__Hfardata                 fardata      000000
__Hibigdata                ibigdata     000000
__Hidata                   idata        000000
__Hidloc                   idloc        200008
__Hifardata                ifardata     000000
__Hinit                    init         000014
__Hintcode                 intcode      00000C
__Hintcode_body            intcode_body 000000
__Hintcodelo               intcodelo    00000C
__Hintentry                intentry     000000
__Hintret                  intret       000000
__Hintsave_regs            intsave_regs 000000
__Hirdata                  irdata       000000
__Hmediumconst             mediumconst  000000
__HnvFARRAM                nvFARRAM     000000
__Hnvbit                   nvbit        000000
__Hnvrram                  nvrram       000000
__Hparam                   rparam       000000
__Hpowerup                 powerup      00000C
__Hram                     ram          000000
__Hramtop                  ramtop       000600
__Hrbit                    rbit         000000
__Hrbss                    rbss         000000
__Hrdata                   rdata        000000
__Hreset_vec               reset_vec    000004
__Hrparam                  rparam       000000
__Hsfr                     sfr          000000
__Hsmallconst              smallconst   000000
__Hspace_0                 (abs)        30000E
__Hspace_1                 (abs)        000600
__Hspace_2                 (abs)        0001E0
__Hstack                   stack        0001E0
__Hstruct                  struct       000000
__Htemp                    temp         000021
__Htext                    text         000000
__Htext0                   text0        000000
__Htext1                   text1        000000
__Htext10                  text10       000000
__Htext11                  text11       000000
__Htext12                  text12       000000
__Htext13                  text13       000000
__Htext14                  text14       000000
__Htext15                  text15       000000
__Htext16                  text16       000000
__Htext17                  text17       000000
__Htext18                  text18       000000
__Htext19                  text19       000000
__Htext2                   text2        000000
__Htext20                  text20       000000
__Htext21                  text21       000000
__Htext22                  text22       000000
__Htext24                  text24       000000
__Htext25                  text25       000000
__Htext3                   text3        000000
__Htext4                   text4        000000
__Htext5                   text5        000000
__Htext6                   text6        000000
__Htext7                   text7        000000
__Htext8                   text8        000000
__Htext9                   text9        000000
__LRAM                     (abs)        000001
__Labs1                    abs1         000000
__Lbank0                   bank0        000000
__Lbank1                   bank1        000000
__Lbank2                   bank2        000000
__Lbank3                   bank3        000000
__Lbank4                   bank4        000000
__Lbank5                   bank5        000000
__Lbigbss                  bigbss       000000
__Lbigdata                 bigdata      000000
__Lbigram                  bigram       000000
__Lbss                     bss          000000
__LbssBIGRAM               bssBIGRAM    000000
__LbssCOMRAM               bssCOMRAM    000000
__Lcinit                   cinit        000000
__Lclrtext                 clrtext      000000
__Lcomram                  comram       000000
__Lconfig                  config       300000
__Lconst                   const        000000
__LcstackCOMRAM            cstackCOMRAM 000000
__Ldata                    data         000000
__Leeprom_data             eeprom_data  000000
__Lfarbss                  farbss       000000
__Lfardata                 fardata      000000
__Libigdata                ibigdata     000000
__Lidata                   idata        000000
__Lidloc                   idloc        200000
__Lifardata                ifardata     000000
__Linit                    init         00000C
__Lintcode                 intcode      000008
__Lintcode_body            intcode_body 000000
__Lintcodelo               intcodelo    00000C
__Lintentry                intentry     000000
__Lintret                  intret       000000
__Lintsave_regs            intsave_regs 000000
__Lirdata                  irdata       000000
__Lmediumconst             mediumconst  000000
__LnvFARRAM                nvFARRAM     000000
__Lnvbit                   nvbit        000000
__Lnvrram                  nvrram       000000
__Lparam                   rparam       000000
__Lpowerup                 powerup      00000C
__Lram                     ram          000000
__Lramtop                  ramtop       000600
__Lrbit                    rbit         000000
__Lrbss                    rbss         000000
__Lrdata                   rdata        000000
__Lreset_vec               reset_vec    000000
__Lrparam                  rparam       000000
__Lsfr                     sfr          000000
__Lsmallconst              smallconst   000000
__Lspace_0                 (abs)        000000
__Lspace_1                 (abs)        000000
__Lspace_2                 (abs)        000000
__Lstack                   stack        000080
__Lstruct                  struct       000000
__Ltemp                    temp         000001
__Ltext                    text         000000
__Ltext0                   text0        000000
__Ltext1                   text1        000000
__Ltext10                  text10       000000
__Ltext11                  text11       000000
__Ltext12                  text12       000000
__Ltext13                  text13       000000
__Ltext14                  text14       000000
__Ltext15                  text15       000000
__Ltext16                  text16       000000
__Ltext17                  text17       000000
__Ltext18                  text18       000000
__Ltext19                  text19       000000
__Ltext2                   text2        000000
__Ltext20                  text20       000000
__Ltext21                  text21       000000
__Ltext22                  text22       000000
__Ltext24                  text24       000000
__Ltext25                  text25       000000
__Ltext3                   text3        000000
__Ltext4                   text4        000000
__Ltext5                   text5        000000
__Ltext6                   text6        000000
__Ltext7                   text7        000000
__Ltext8                   text8        000000
__Ltext9                   text9        000000
__S0                       (abs)        30000E
__S1                       (abs)        000600
__S2                       (abs)        0001E0
__SRAMmerge                text7        00063E
___inthi_sp                stack        0000F6
___intlo_sp                stack        00016B
___param_bank              (abs)        000000
___rparam_used             (abs)        000001
___sp                      stack        000080
__accesstop                (abs)        000080
__activetblptr             (abs)        000000
__end_of_ISR_timer0        intcode_body 000E2A
__end_of_SRAMInitHeap      text10       000D78
__end_of_SRAMalloc         text6        00063E
__end_of__SRAMmerge        text7        000790
__end_of__initialization   cinit        001142
__end_of_config_INT0       text15       00116A
__end_of_config_timer0     text14       00115A
__end_of_delay_decrement   text24       0009C6
__end_of_dispatcher        text11       0004A0
__end_of_lunos_createTask  text9        000BB8
__end_of_lunos_delayTask   text19       00104C
__end_of_lunos_init        text8        0010F8
__end_of_main              text0        000F36
__end_of_pipe_create       text4        000EC8
__end_of_pipe_read         text21       000CAA
__end_of_pipe_write        text18       000AC0
__end_of_priority          text13       0008AE
__end_of_scheduler         text12       001186
__end_of_sem_init          text5        001178
__end_of_seven_seg_init    text3        001180
__end_of_seven_seg_set     text2        000FFA
__end_of_task_0            text17       00108C
__end_of_task_1            text20       000FA4
__end_of_task_2            text22       001122
__end_of_task_idle         text16       00118A
__end_of_user_conf         text1        0010C6
__initialization           cinit        001122
__mediumconst              mediumconst  000000
__pbssBIGRAM               bssBIGRAM    0001E0
__pbssCOMRAM               bssCOMRAM    000021
__pcinit                   cinit        001122
__pcstackCOMRAM            cstackCOMRAM 00003F
__pintcode                 intcode      000008
__pintcode_body            intcode_body 000D78
__ptext0                   text0        000EC8
__ptext1                   text1        00108C
__ptext10                  text10       000CAA
__ptext11                  text11       000014
__ptext12                  text12       001180
__ptext13                  text13       000790
__ptext14                  text14       001148
__ptext15                  text15       00115A
__ptext16                  text16       001186
__ptext17                  text17       00104C
__ptext18                  text18       0009C6
__ptext19                  text19       000FFA
__ptext2                   text2        000FA4
__ptext20                  text20       000F36
__ptext21                  text21       000BB8
__ptext22                  text22       0010F8
__ptext24                  text24       0008AE
__ptext25                  text25       000000
__ptext3                   text3        001178
__ptext4                   text4        000E2A
__ptext5                   text5        00116A
__ptext6                   text6        0004A0
__ptext7                   text7        00063E
__ptext8                   text8        0010C6
__ptext9                   text9        000AC0
__ramtop                   ramtop       000600
__size_of_ISR_timer0       (abs)        000000
__size_of_SRAMInitHeap     (abs)        000000
__size_of_SRAMalloc        (abs)        000000
__size_of__SRAMmerge       (abs)        000000
__size_of_config_INT0      (abs)        000000
__size_of_config_timer0    (abs)        000000
__size_of_delay_decrement  (abs)        000000
__size_of_dispatcher       (abs)        000000
__size_of_lunos_createTask (abs)        000000
__size_of_lunos_delayTask  (abs)        000000
__size_of_lunos_init       (abs)        000000
__size_of_main             (abs)        000000
__size_of_pipe_create      (abs)        000000
__size_of_pipe_read        (abs)        000000
__size_of_pipe_write       (abs)        000000
__size_of_priority         (abs)        000000
__size_of_scheduler        (abs)        000000
__size_of_sem_init         (abs)        000000
__size_of_seven_seg_init   (abs)        000000
__size_of_seven_seg_set    (abs)        000000
__size_of_task_0           (abs)        000000
__size_of_task_1           (abs)        000000
__size_of_task_2           (abs)        000000
__size_of_task_idle        (abs)        000000
__size_of_user_conf        (abs)        000000
__smallconst               smallconst   000000
__uDynamicHeap             bssBIGRAM    000400
_config_INT0               text15       00115A
_config_timer0             text14       001148
_delay_decrement           text24       0008AE
_dispatcher                text11       000014
_lunos_createTask          text9        000AC0
_lunos_delayTask           text19       000FFA
_lunos_init                text8        0010C6
_main                      text0        000EC8
_p                         bssCOMRAM    000033
_pipe_create               text4        000E2A
_pipe_read                 text21       000BB8
_pipe_write                text18       0009C6
_priority                  text13       000790
_ready_queue               bssBIGRAM    0001E0
_s_pipe                    bssCOMRAM    000025
_scheduler                 text12       001180
_sem_init                  text5        00116A
_seven_seg_init            text3        001178
_seven_seg_set             text2        000FA4
_size                      bssCOMRAM    000021
_task_0                    text17       00104C
_task_1                    text20       000F36
_task_2                    text22       0010F8
_task_idle                 text16       001186
_user_conf                 text1        00108C
_who                       bssCOMRAM    000023
btemp                      temp         000001
end_of_initialization      cinit        001142
int_func                   intcode_body 000D78
intlevel0                  text         000000
intlevel1                  text         000000
intlevel2                  text         000000
intlevel3                  text         000000
lltemp0                    temp         000001
lltemp1                    temp         000009
lltemp2                    temp         000011
lltemp3                    temp         000019
ltemp0                     temp         000001
ltemp1                     temp         000005
ltemp2                     temp         000009
stackhi                    (abs)        0001DF
stacklo                    (abs)        000080
start                      init         00000C
start_initialization       cinit        001122
ttemp0                     temp         000001
ttemp1                     temp         000004
ttemp2                     temp         000007
ttemp3                     temp         00000A
ttemp5                     temp         000002
ttemp6                     temp         000005
ttemp7                     temp         000009
wtemp0                     temp         000001
wtemp1                     temp         000003
wtemp2                     temp         000005
wtemp3                     temp         000007
wtemp4                     temp         000009
wtemp5                     temp         00000B
wtemp8                     temp         000002


FUNCTION INFORMATION:

 *************** function _main *****************
 Defined at:
		line 17 in file "main.c"
 Parameters:    Size  Location     Type
		None
 Auto vars:     Size  Location     Type
		None
 Return value:  Size  Location     Type
                  1  [STACK] void 
 Registers used:
		wreg, fsr0l, fsr0h, fsr1l, fsr1h, fsr2l, fsr2h, status,2, status,0, btemp, btemp+1, btemp+6, btemp+7, btemp+8, btemp+9, btemp+10, btemp+11, prodl, prodh
 Tracked objects:
		On entry : 
		On exit  : 
		Unchanged: 
 Data sizes:     COMRAM   BANK0   BANK1   BANK2   BANK3   BANK4   BANK5
      Params:         0       0       0       0       0       0       0
      Locals:         0       0       0       0       0       0       0
      Temps:          0       0       0       0       0       0       0
      Totals:         0       0       0       0       0       0       0
Total ram usage:        0 bytes
 Hardware stack levels required when called:   13
 This function calls:
		_config_INT0
		_config_timer0
		_dispatcher
		_lunos_createTask
		_lunos_init
		_seven_seg_init
		_seven_seg_set
		_user_conf
 This function is called by:
		Startup code after reset
 This function uses a reentrant model


 *************** function _user_conf *****************
 Defined at:
		line 31 in file "tasks.c"
 Parameters:    Size  Location     Type
		None
 Auto vars:     Size  Location     Type
		None
 Return value:  Size  Location     Type
                  1  [STACK] void 
 Registers used:
		wreg, fsr1l, fsr1h, fsr2l, fsr2h, status,2, status,0, btemp, btemp+1, btemp+10, btemp+11, prodl, prodh
 Tracked objects:
		On entry : 
		On exit  : 
		Unchanged: 
 Data sizes:     COMRAM   BANK0   BANK1   BANK2   BANK3   BANK4   BANK5
      Params:         0       0       0       0       0       0       0
      Locals:         0       0       0       0       0       0       0
      Temps:          0       0       0       0       0       0       0
      Totals:         0       0       0       0       0       0       0
Total ram usage:        0 bytes
 Hardware stack levels used:    1
 Hardware stack levels required when called:   12
 This function calls:
		_SRAMalloc
		_pipe_create
		_seven_seg_init
		_seven_seg_set
 This function is called by:
		_main
 This function uses a reentrant model


 *************** function _seven_seg_set *****************
 Defined at:
		line 15 in file "seven_seg.c"
 Parameters:    Size  Location     Type
  display         2  [STACK] int 
  number          2  [STACK] int 
 Auto vars:     Size  Location     Type
		None
 Return value:  Size  Location     Type
                  1  [STACK] void 
 Registers used:
		wreg, fsr1l, fsr1h, status,2, status,0, btemp, btemp+11
 Tracked objects:
		On entry : 
		On exit  : 
		Unchanged: 
 Data sizes:     COMRAM   BANK0   BANK1   BANK2   BANK3   BANK4   BANK5
      Params:         0       0       0       0       0       0       0
      Locals:         0       0       0       0       0       0       0
      Temps:          0       0       0       0       0       0       0
      Totals:         0       0       0       0       0       0       0
Total ram usage:        0 bytes
 Hardware stack levels used:    1
 Hardware stack levels required when called:   10
 This function calls:
		Nothing
 This function is called by:
		_main
		_user_conf
 This function uses a reentrant model


 *************** function _seven_seg_init *****************
 Defined at:
		line 9 in file "seven_seg.c"
 Parameters:    Size  Location     Type
		None
 Auto vars:     Size  Location     Type
		None
 Return value:  Size  Location     Type
                  1  [STACK] void 
 Registers used:
		wreg, status,2
 Tracked objects:
		On entry : 
		On exit  : 
		Unchanged: 
 Data sizes:     COMRAM   BANK0   BANK1   BANK2   BANK3   BANK4   BANK5
      Params:         0       0       0       0       0       0       0
      Locals:         0       0       0       0       0       0       0
      Temps:          0       0       0       0       0       0       0
      Totals:         0       0       0       0       0       0       0
Total ram usage:        0 bytes
 Hardware stack levels used:    1
 Hardware stack levels required when called:   10
 This function calls:
		Nothing
 This function is called by:
		_main
		_user_conf
 This function uses a reentrant model


 *************** function _pipe_create *****************
 Defined at:
		line 9 in file "pipe.c"
 Parameters:    Size  Location     Type
  p               2  [STACK] PTR struct pipe
		 -> p(12), 
  s               2  [STACK] PTR struct semaphore
		 -> s_pipe(14), 
 Auto vars:     Size  Location     Type
		None
 Return value:  Size  Location     Type
                  1  [STACK] void 
 Registers used:
		wreg, fsr1l, fsr1h, fsr2l, fsr2h, status,2, status,0, btemp+10, btemp+11
 Tracked objects:
		On entry : 
		On exit  : 
		Unchanged: 
 Data sizes:     COMRAM   BANK0   BANK1   BANK2   BANK3   BANK4   BANK5
      Params:         0       0       0       0       0       0       0
      Locals:         0       0       0       0       0       0       0
      Temps:          0       0       0       0       0       0       0
      Totals:         0       0       0       0       0       0       0
Total ram usage:        0 bytes
 Hardware stack levels used:    1
 Hardware stack levels required when called:   11
 This function calls:
		_sem_init
 This function is called by:
		_user_conf
 This function uses a reentrant model


 *************** function _sem_init *****************
 Defined at:
		line 10 in file "semaphore.c"
 Parameters:    Size  Location     Type
  s               2  [STACK] PTR struct semaphore
  valor           2  [STACK] int 
 Auto vars:     Size  Location     Type
		None
 Return value:  Size  Location     Type
                  1  [STACK] void 
 Registers used:
		None
 Tracked objects:
		On entry : 
		On exit  : 
		Unchanged: 
 Data sizes:     COMRAM   BANK0   BANK1   BANK2   BANK3   BANK4   BANK5
      Params:         0       0       0       0       0       0       0
      Locals:         0       0       0       0       0       0       0
      Temps:          0       0       0       0       0       0       0
      Totals:         0       0       0       0       0       0       0
Total ram usage:        0 bytes
 Hardware stack levels used:    1
 Hardware stack levels required when called:   10
 This function calls:
		Nothing
 This function is called by:
		_pipe_create
 This function uses a reentrant model


 *************** function _SRAMalloc *****************
 Defined at:
		line 191 in file "sralloc.c"
 Parameters:    Size  Location     Type
  nBytes          1  [STACK] unsigned char 
 Auto vars:     Size  Location     Type
  pHeap           2  [STACK] PTR struct _SALLOC
		 -> _uDynamicHeap(512), 
  temp            2  [STACK] PTR struct _SALLOC
		 -> _uDynamicHeap(512), 
  segHeader       1  [STACK] struct _SALLOC
  segLen          1  [STACK] unsigned char 
 Return value:  Size  Location     Type
                  2  [STACK] PTR unsigned char 
 Registers used:
		wreg, fsr1l, fsr1h, fsr2l, fsr2h, status,2, status,0, btemp, btemp+1, btemp+10, btemp+11, prodl, prodh
 Tracked objects:
		On entry : 
		On exit  : 
		Unchanged: 
 Data sizes:     COMRAM   BANK0   BANK1   BANK2   BANK3   BANK4   BANK5
      Params:         0       0       0       0       0       0       0
      Locals:         0       0       0       0       0       0       0
      Temps:          0       0       0       0       0       0       0
      Totals:         0       0       0       0       0       0       0
Total ram usage:        0 bytes
 Hardware stack levels used:    1
 Hardware stack levels required when called:   11
 This function calls:
		__SRAMmerge
 This function is called by:
		_user_conf
 This function uses a reentrant model


 *************** function __SRAMmerge *****************
 Defined at:
		line 359 in file "sralloc.c"
 Parameters:    Size  Location     Type
  pSegA           2  [STACK] PTR struct _SALLOC
		 -> _uDynamicHeap(512), 
 Auto vars:     Size  Location     Type
  pSegB           2  [STACK] PTR struct _SALLOC
		 -> _uDynamicHeap(512), 
  uSegB           1  [STACK] struct _SALLOC
  uSegA           1  [STACK] struct _SALLOC
  uSum            1  [STACK] struct _SALLOC
 Return value:  Size  Location     Type
                  1  [STACK] unsigned char 
 Registers used:
		wreg, fsr1l, fsr1h, fsr2l, fsr2h, status,2, status,0, btemp, btemp+10, btemp+11, prodl, prodh
 Tracked objects:
		On entry : 
		On exit  : 
		Unchanged: 
 Data sizes:     COMRAM   BANK0   BANK1   BANK2   BANK3   BANK4   BANK5
      Params:         0       0       0       0       0       0       0
      Locals:         0       0       0       0       0       0       0
      Temps:          0       0       0       0       0       0       0
      Totals:         0       0       0       0       0       0       0
Total ram usage:        0 bytes
 Hardware stack levels used:    1
 Hardware stack levels required when called:   10
 This function calls:
		Nothing
 This function is called by:
		_SRAMalloc
 This function uses a reentrant model


 *************** function _lunos_init *****************
 Defined at:
		line 58 in file "kernel.c"
 Parameters:    Size  Location     Type
		None
 Auto vars:     Size  Location     Type
		None
 Return value:  Size  Location     Type
                  1  [STACK] void 
 Registers used:
		wreg, fsr0l, fsr0h, fsr1l, fsr1h, fsr2l, fsr2h, status,2, status,0, btemp, btemp+8, btemp+9, btemp+10, btemp+11, prodl, prodh
 Tracked objects:
		On entry : 
		On exit  : 
		Unchanged: 
 Data sizes:     COMRAM   BANK0   BANK1   BANK2   BANK3   BANK4   BANK5
      Params:         0       0       0       0       0       0       0
      Locals:         0       0       0       0       0       0       0
      Temps:          0       0       0       0       0       0       0
      Totals:         0       0       0       0       0       0       0
Total ram usage:        0 bytes
 Hardware stack levels used:    1
 Hardware stack levels required when called:   11
 This function calls:
		_SRAMInitHeap
		_lunos_createTask
 This function is called by:
		_main
 This function uses a reentrant model


 *************** function _lunos_createTask *****************
 Defined at:
		line 22 in file "kernel.c"
 Parameters:    Size  Location     Type
  prior           2  [STACK] unsigned int 
  f               2  [STACK] PTR FTN()void 
		 -> task_2(1), task_1(1), task_0(1), task_idle(1), 
 Auto vars:     Size  Location     Type
  new_task      108  [STACK] struct pcb
 Return value:  Size  Location     Type
                  1  [STACK] void 
 Registers used:
		wreg, fsr0l, fsr0h, fsr1l, fsr1h, fsr2l, fsr2h, status,2, status,0, btemp+8, btemp+9, btemp+10, btemp+11, prodl, prodh
 Tracked objects:
		On entry : 
		On exit  : 
		Unchanged: 
 Data sizes:     COMRAM   BANK0   BANK1   BANK2   BANK3   BANK4   BANK5
      Params:         0       0       0       0       0       0       0
      Locals:         0       0       0       0       0       0       0
      Temps:          0       0       0       0       0       0       0
      Totals:         0       0       0       0       0       0       0
Total ram usage:        0 bytes
 Hardware stack levels used:    1
 Hardware stack levels required when called:   10
 This function calls:
		Nothing
 This function is called by:
		_lunos_init
		_main
 This function uses a reentrant model


 *************** function _SRAMInitHeap *****************
 Defined at:
		line 313 in file "sralloc.c"
 Parameters:    Size  Location     Type
		None
 Auto vars:     Size  Location     Type
  count           2  [STACK] unsigned int 
  pHeap           2  [STACK] PTR unsigned char 
		 -> _uDynamicHeap(512), 
 Return value:  Size  Location     Type
                  1  [STACK] void 
 Registers used:
		wreg, fsr1l, fsr1h, fsr2l, fsr2h, status,2, status,0, btemp, btemp+8, btemp+9, btemp+10, btemp+11
 Tracked objects:
		On entry : 
		On exit  : 
		Unchanged: 
 Data sizes:     COMRAM   BANK0   BANK1   BANK2   BANK3   BANK4   BANK5
      Params:         0       0       0       0       0       0       0
      Locals:         0       0       0       0       0       0       0
      Temps:          0       0       0       0       0       0       0
      Totals:         0       0       0       0       0       0       0
Total ram usage:        0 bytes
 Hardware stack levels used:    1
 Hardware stack levels required when called:   10
 This function calls:
		Nothing
 This function is called by:
		_lunos_init
 This function uses a reentrant model


 *************** function _dispatcher *****************
 Defined at:
		line 73 in file "kernel.c"
 Parameters:    Size  Location     Type
  state           1  [STACK] enum E4
 Auto vars:     Size  Location     Type
		None
 Return value:  Size  Location     Type
                  1  [STACK] void 
 Registers used:
		wreg, fsr0l, fsr0h, fsr1l, fsr1h, fsr2l, fsr2h, status,2, status,0, btemp, btemp+1, btemp+6, btemp+7, btemp+8, btemp+9, btemp+10, btemp+11, prodl, prodh
 Tracked objects:
		On entry : 
		On exit  : 
		Unchanged: 
 Data sizes:     COMRAM   BANK0   BANK1   BANK2   BANK3   BANK4   BANK5
      Params:         0       0       0       0       0       0       0
      Locals:         0       0       0       0       0       0       0
      Temps:          0       0       0       0       0       0       0
      Totals:         0       0       0       0       0       0       0
Total ram usage:        0 bytes
 Hardware stack levels used:    1
 Hardware stack levels required when called:   12
 This function calls:
		_scheduler
 This function is called by:
		_lunos_delayTask
		_delay_decrement
		_main
 This function uses a reentrant model


 *************** function _scheduler *****************
 Defined at:
		line 65 in file "kernel.c"
 Parameters:    Size  Location     Type
		None
 Auto vars:     Size  Location     Type
		None
 Return value:  Size  Location     Type
                  2  [STACK] unsigned int 
 Registers used:
		wreg, fsr0l, fsr0h, fsr1l, fsr1h, fsr2l, fsr2h, status,2, status,0, btemp, btemp+1, btemp+8, btemp+9, btemp+10, btemp+11, prodl, prodh
 Tracked objects:
		On entry : 
		On exit  : 
		Unchanged: 
 Data sizes:     COMRAM   BANK0   BANK1   BANK2   BANK3   BANK4   BANK5
      Params:         0       0       0       0       0       0       0
      Locals:         0       0       0       0       0       0       0
      Temps:          0       0       0       0       0       0       0
      Totals:         0       0       0       0       0       0       0
Total ram usage:        0 bytes
 Hardware stack levels used:    1
 Hardware stack levels required when called:   11
 This function calls:
		_priority
 This function is called by:
		_dispatcher
 This function uses a reentrant model


 *************** function _priority *****************
 Defined at:
		line 95 in file "kernel.c"
 Parameters:    Size  Location     Type
		None
 Auto vars:     Size  Location     Type
  i               2  [STACK] int 
  maior_index     2  [STACK] int 
 Return value:  Size  Location     Type
                  2  [STACK] unsigned int 
 Registers used:
		wreg, fsr0l, fsr0h, fsr1l, fsr1h, fsr2l, fsr2h, status,2, status,0, btemp, btemp+1, btemp+8, btemp+9, btemp+10, btemp+11, prodl, prodh
 Tracked objects:
		On entry : 
		On exit  : 
		Unchanged: 
 Data sizes:     COMRAM   BANK0   BANK1   BANK2   BANK3   BANK4   BANK5
      Params:         0       0       0       0       0       0       0
      Locals:         0       0       0       0       0       0       0
      Temps:          0       0       0       0       0       0       0
      Totals:         0       0       0       0       0       0       0
Total ram usage:        0 bytes
 Hardware stack levels used:    1
 Hardware stack levels required when called:   10
 This function calls:
		Nothing
 This function is called by:
		_scheduler
 This function uses a reentrant model


 *************** function _config_timer0 *****************
 Defined at:
		line 23 in file "int0_test.c"
 Parameters:    Size  Location     Type
		None
 Auto vars:     Size  Location     Type
		None
 Return value:  Size  Location     Type
                  1  [STACK] void 
 Registers used:
		wreg, status,2
 Tracked objects:
		On entry : 
		On exit  : 
		Unchanged: 
 Data sizes:     COMRAM   BANK0   BANK1   BANK2   BANK3   BANK4   BANK5
      Params:         0       0       0       0       0       0       0
      Locals:         0       0       0       0       0       0       0
      Temps:          0       0       0       0       0       0       0
      Totals:         0       0       0       0       0       0       0
Total ram usage:        0 bytes
 Hardware stack levels used:    1
 Hardware stack levels required when called:   10
 This function calls:
		Nothing
 This function is called by:
		_main
 This function uses a reentrant model


 *************** function _config_INT0 *****************
 Defined at:
		line 13 in file "int0_test.c"
 Parameters:    Size  Location     Type
		None
 Auto vars:     Size  Location     Type
		None
 Return value:  Size  Location     Type
                  1  [STACK] void 
 Registers used:
		None
 Tracked objects:
		On entry : 
		On exit  : 
		Unchanged: 
 Data sizes:     COMRAM   BANK0   BANK1   BANK2   BANK3   BANK4   BANK5
      Params:         0       0       0       0       0       0       0
      Locals:         0       0       0       0       0       0       0
      Temps:          0       0       0       0       0       0       0
      Totals:         0       0       0       0       0       0       0
Total ram usage:        0 bytes
 Hardware stack levels used:    1
 Hardware stack levels required when called:   10
 This function calls:
		Nothing
 This function is called by:
		_main
 This function uses a reentrant model


 *************** function _task_idle *****************
 Defined at:
		line 124 in file "kernel.c"
 Parameters:    Size  Location     Type
		None
 Auto vars:     Size  Location     Type
		None
 Return value:  Size  Location     Type
                  1  [STACK] void 
 Registers used:
		None
 Tracked objects:
		On entry : 
		On exit  : 
		Unchanged: 
 Data sizes:     COMRAM   BANK0   BANK1   BANK2   BANK3   BANK4   BANK5
      Params:         0       0       0       0       0       0       0
      Locals:         0       0       0       0       0       0       0
      Temps:          0       0       0       0       0       0       0
      Totals:         0       0       0       0       0       0       0
Total ram usage:        0 bytes
 Hardware stack levels used:    1
 Hardware stack levels required when called:    5
 This function calls:
		Nothing
 This function is called by:
		_lunos_init
 This function uses a reentrant model


 *************** function _task_0 *****************
 Defined at:
		line 39 in file "tasks.c"
 Parameters:    Size  Location     Type
		None
 Auto vars:     Size  Location     Type
		None
 Return value:  Size  Location     Type
                  1  [STACK] void 
 Registers used:
		wreg, fsr0l, fsr0h, fsr1l, fsr1h, fsr2l, fsr2h, status,2, status,0, btemp, btemp+1, btemp+6, btemp+7, btemp+8, btemp+9, btemp+10, btemp+11, prodl, prodh
 Tracked objects:
		On entry : 
		On exit  : 
		Unchanged: 
 Data sizes:     COMRAM   BANK0   BANK1   BANK2   BANK3   BANK4   BANK5
      Params:         0       0       0       0       0       0       0
      Locals:         0       0       0       0       0       0       0
      Temps:          0       0       0       0       0       0       0
      Totals:         0       0       0       0       0       0       0
Total ram usage:        0 bytes
 Hardware stack levels used:    1
 Hardware stack levels required when called:    9
 This function calls:
		_lunos_delayTask
		_pipe_write
 This function is called by:
		_main
 This function uses a reentrant model


 *************** function _pipe_write *****************
 Defined at:
		line 16 in file "pipe.c"
 Parameters:    Size  Location     Type
  p               2  [STACK] PTR struct pipe
		 -> p(12), 
  data            2  [STACK] unsigned int 
 Auto vars:     Size  Location     Type
		None
 Return value:  Size  Location     Type
                  1  [STACK] void 
 Registers used:
		wreg, fsr0l, fsr0h, fsr1l, fsr1h, fsr2l, fsr2h, status,2, status,0, btemp, btemp+8, btemp+9, btemp+10, btemp+11
 Tracked objects:
		On entry : 
		On exit  : 
		Unchanged: 
 Data sizes:     COMRAM   BANK0   BANK1   BANK2   BANK3   BANK4   BANK5
      Params:         0       0       0       0       0       0       0
      Locals:         0       0       0       0       0       0       0
      Temps:          0       0       0       0       0       0       0
      Totals:         0       0       0       0       0       0       0
Total ram usage:        0 bytes
 Hardware stack levels used:    1
 Hardware stack levels required when called:    5
 This function calls:
		Nothing
 This function is called by:
		_task_0
		_task_1
 This function uses a reentrant model


 *************** function _lunos_delayTask *****************
 Defined at:
		line 38 in file "kernel.c"
 Parameters:    Size  Location     Type
  time            2  [STACK] unsigned int 
 Auto vars:     Size  Location     Type
		None
 Return value:  Size  Location     Type
                  1  [STACK] void 
 Registers used:
		wreg, fsr0l, fsr0h, fsr1l, fsr1h, fsr2l, fsr2h, status,2, status,0, btemp, btemp+1, btemp+6, btemp+7, btemp+8, btemp+9, btemp+10, btemp+11, prodl, prodh
 Tracked objects:
		On entry : 
		On exit  : 
		Unchanged: 
 Data sizes:     COMRAM   BANK0   BANK1   BANK2   BANK3   BANK4   BANK5
      Params:         0       0       0       0       0       0       0
      Locals:         0       0       0       0       0       0       0
      Temps:          0       0       0       0       0       0       0
      Totals:         0       0       0       0       0       0       0
Total ram usage:        0 bytes
 Hardware stack levels used:    1
 Hardware stack levels required when called:    8
 This function calls:
		_dispatcher
 This function is called by:
		_task_0
		_task_1
		_task_2
 This function uses a reentrant model


 *************** function _task_1 *****************
 Defined at:
		line 50 in file "tasks.c"
 Parameters:    Size  Location     Type
		None
 Auto vars:     Size  Location     Type
  dado            2  [STACK] unsigned int 
 Return value:  Size  Location     Type
                  1  [STACK] void 
 Registers used:
		wreg, fsr0l, fsr0h, fsr1l, fsr1h, fsr2l, fsr2h, status,2, status,0, btemp, btemp+1, btemp+6, btemp+7, btemp+8, btemp+9, btemp+10, btemp+11, prodl, prodh
 Tracked objects:
		On entry : 
		On exit  : 
		Unchanged: 
 Data sizes:     COMRAM   BANK0   BANK1   BANK2   BANK3   BANK4   BANK5
      Params:         0       0       0       0       0       0       0
      Locals:         0       0       0       0       0       0       0
      Temps:          0       0       0       0       0       0       0
      Totals:         0       0       0       0       0       0       0
Total ram usage:        0 bytes
 Hardware stack levels used:    1
 Hardware stack levels required when called:    9
 This function calls:
		_lunos_delayTask
		_pipe_read
		_pipe_write
 This function is called by:
		_main
 This function uses a reentrant model


 *************** function _pipe_read *****************
 Defined at:
		line 38 in file "pipe.c"
 Parameters:    Size  Location     Type
  p               2  [STACK] PTR struct pipe
		 -> p(12), 
  data            2  [STACK] PTR unsigned int 
		 -> dado(2), 
 Auto vars:     Size  Location     Type
		None
 Return value:  Size  Location     Type
                  1  [STACK] void 
 Registers used:
		wreg, fsr0l, fsr0h, fsr1l, fsr1h, fsr2l, fsr2h, status,2, status,0, btemp, btemp+8, btemp+9, btemp+10, btemp+11
 Tracked objects:
		On entry : 
		On exit  : 
		Unchanged: 
 Data sizes:     COMRAM   BANK0   BANK1   BANK2   BANK3   BANK4   BANK5
      Params:         0       0       0       0       0       0       0
      Locals:         0       0       0       0       0       0       0
      Temps:          0       0       0       0       0       0       0
      Totals:         0       0       0       0       0       0       0
Total ram usage:        0 bytes
 Hardware stack levels used:    1
 Hardware stack levels required when called:    5
 This function calls:
		Nothing
 This function is called by:
		_task_1
 This function uses a reentrant model


 *************** function _task_2 *****************
 Defined at:
		line 62 in file "tasks.c"
 Parameters:    Size  Location     Type
		None
 Auto vars:     Size  Location     Type
		None
 Return value:  Size  Location     Type
                  1  [STACK] void 
 Registers used:
		wreg, fsr0l, fsr0h, fsr1l, fsr1h, fsr2l, fsr2h, status,2, status,0, btemp, btemp+1, btemp+6, btemp+7, btemp+8, btemp+9, btemp+10, btemp+11, prodl, prodh
 Tracked objects:
		On entry : 
		On exit  : 
		Unchanged: 
 Data sizes:     COMRAM   BANK0   BANK1   BANK2   BANK3   BANK4   BANK5
      Params:         0       0       0       0       0       0       0
      Locals:         0       0       0       0       0       0       0
      Temps:          0       0       0       0       0       0       0
      Totals:         0       0       0       0       0       0       0
Total ram usage:        0 bytes
 Hardware stack levels used:    1
 Hardware stack levels required when called:    9
 This function calls:
		_lunos_delayTask
 This function is called by:
		_main
 This function uses a reentrant model


 *************** function _ISR_timer0 *****************
 Defined at:
		line 56 in file "int0_test.c"
 Parameters:    Size  Location     Type
		None
 Auto vars:     Size  Location     Type
		None
 Return value:  Size  Location     Type
                  1    wreg      void 
 Registers used:
		wreg, fsr0l, fsr0h, fsr1l, fsr1h, fsr2l, fsr2h, status,2, status,0, btemp, btemp+1, btemp+6, btemp+7, btemp+8, btemp+9, btemp+10, btemp+11, prodl, prodh
 Tracked objects:
		On entry : 
		On exit  : 
		Unchanged: 
 Data sizes:     COMRAM   BANK0   BANK1   BANK2   BANK3   BANK4   BANK5
      Params:         0       0       0       0       0       0       0
      Locals:         0       0       0       0       0       0       0
      Temps:         17       0       0       0       0       0       0
      Totals:        17       0       0       0       0       0       0
Total ram usage:       17 bytes
 Hardware stack levels used:    1
 Hardware stack levels required when called:    4
 This function calls:
		_delay_decrement
 This function is called by:
		Interrupt level 2
 This function uses a non-reentrant model


 *************** function _delay_decrement *****************
 Defined at:
		line 108 in file "kernel.c"
 Parameters:    Size  Location     Type
		None
 Auto vars:     Size  Location     Type
  i               2  [STACK] int 
 Return value:  Size  Location     Type
                  1  [STACK] void 
 Registers used:
		wreg, fsr0l, fsr0h, fsr1l, fsr1h, fsr2l, fsr2h, status,2, status,0, btemp, btemp+1, btemp+6, btemp+7, btemp+8, btemp+9, btemp+10, btemp+11, prodl, prodh
 Tracked objects:
		On entry : 
		On exit  : 
		Unchanged: 
 Data sizes:     COMRAM   BANK0   BANK1   BANK2   BANK3   BANK4   BANK5
      Params:         0       0       0       0       0       0       0
      Locals:         0       0       0       0       0       0       0
      Temps:          0       0       0       0       0       0       0
      Totals:         0       0       0       0       0       0       0
Total ram usage:        0 bytes
 Hardware stack levels used:    1
 Hardware stack levels required when called:    3
 This function calls:
		_dispatcher
 This function is called by:
		_ISR_timer0
 This function uses a reentrant model



MODULE INFORMATION

Module		Function		Class		Link	Load	Size
semaphore.c
		_sem_init      		CODE           	116A	0000	15

semaphore.c estimated size: 15

sralloc.c
		__SRAMmerge    		CODE           	063E	0000	339
		_SRAMalloc     		CODE           	04A0	0000	415
		_SRAMInitHeap  		CODE           	0CAA	0000	207

sralloc.c estimated size: 961

seven_seg.c
		_seven_seg_set 		CODE           	0FA4	0000	87
		_seven_seg_init		CODE           	1178	0000	9

seven_seg.c estimated size: 96

int0_test.c
		_ISR_timer0    		CODE           	0008	0000	183
		_config_INT0   		CODE           	115A	0000	17
		_config_timer0 		CODE           	1148	0000	19

int0_test.c estimated size: 219

tasks.c
		_task_2        		CODE           	10F8	0000	43
		_task_0        		CODE           	104C	0000	65
		_user_conf     		CODE           	108C	0000	59
		_task_1        		CODE           	0F36	0000	111

tasks.c estimated size: 278

kernel.c
		_delay_decrement		CODE           	08AE	0000	281
		_priority      		CODE           	0790	0000	287
		_scheduler     		CODE           	1180	0000	7
		_dispatcher    		CODE           	0014	0000	1165
		_lunos_createTask		CODE           	0AC0	0000	249
		_lunos_init    		CODE           	10C6	0000	51
		_task_idle     		CODE           	1186	0000	5
		_lunos_delayTask		CODE           	0FFA	0000	83

kernel.c estimated size: 2128

shared
		__initialization		CODE           	1122	0000	33

shared estimated size: 33

pipe.c
		_pipe_read     		CODE           	0BB8	0000	243
		_pipe_write    		CODE           	09C6	0000	251
		_pipe_create   		CODE           	0E2A	0000	159

pipe.c estimated size: 653

main.c
		_main          		CODE           	0EC8	0000	111

main.c estimated size: 111

